[INFO] trial_runs_dir = /home/lyclyq/Optimization/grad-shake-align/runs/glue_mrpc_distillbert_hpo4_rerank10e6/final__glue-mrpc-distillbert__from_20260224-145728__9aff94a4/trial_runs

== baseline_r ==
dir: /home/lyclyq/Optimization/grad-shake-align/runs/glue_mrpc_distillbert_hpo4_rerank10e6/final__glue-mrpc-distillbert__from_20260224-145728__9aff94a4/trial_runs/baseline_r
found 1 files
[OK] /home/lyclyq/Optimization/grad-shake-align/runs/glue_mrpc_distillbert_hpo4_rerank10e6/final__glue-mrpc-distillbert__from_20260224-145728__9aff94a4/trial_runs/baseline_r/s2/metrics.csv points=8

== baseline_R ==
dir: /home/lyclyq/Optimization/grad-shake-align/runs/glue_mrpc_distillbert_hpo4_rerank10e6/final__glue-mrpc-distillbert__from_20260224-145728__9aff94a4/trial_runs/baseline_R
found 0 files

== ours ==
dir: /home/lyclyq/Optimization/grad-shake-align/runs/glue_mrpc_distillbert_hpo4_rerank10e6/final__glue-mrpc-distillbert__from_20260224-145728__9aff94a4/trial_runs/ours
found 0 files

== ours ==
dir: /home/lyclyq/Optimization/grad-shake-align/runs/glue_mrpc_distillbert_hpo4_rerank10e6/final__glue-mrpc-distillbert__from_20260224-145728__9aff94a4/trial_runs/ours
found 0 files

[OK] saved figure -> /home/lyclyq/Optimization/grad-shake-align/runs/glue_mrpc_distillbert_hpo4_rerank10e6/final__glue-mrpc-distillbert__from_20260224-145728__9aff94a4/trial_runs/_plots/compare_4lines_val_acc.png
[OK] saved figure -> /home/lyclyq/Optimization/grad-shake-align/runs/glue_mrpc_distillbert_hpo4_rerank10e6/final__glue-mrpc-distillbert__from_20260224-145728__9aff94a4/trial_runs/_plots/compare_4lines_dense_val_acc_first2ep.png
[OK] saved figure -> /home/lyclyq/Optimization/grad-shake-align/runs/glue_mrpc_distillbert_hpo4_rerank10e6/final__glue-mrpc-distillbert__from_20260224-145728__9aff94a4/trial_runs/_plots/compare_4lines_dense_train_acc_first2ep.png
[OK] saved figure -> /home/lyclyq/Optimization/grad-shake-align/runs/glue_mrpc_distillbert_hpo4_rerank10e6/final__glue-mrpc-distillbert__from_20260224-145728__9aff94a4/trial_runs/_plots/compare_4lines_dense_train_loss_first2ep.png
[WARN] skip legend: no valid ours gate0 dense curves
[OK] saved figure -> /home/lyclyq/Optimization/grad-shake-align/runs/glue_mrpc_distillbert_hpo4_rerank10e6/final__glue-mrpc-distillbert__from_20260224-145728__9aff94a4/trial_runs/_plots/ours_gate0_trigger_rate_dense.png
[WARN] skip legend: no valid ours pull-direction dense curves
[OK] saved figure -> /home/lyclyq/Optimization/grad-shake-align/runs/glue_mrpc_distillbert_hpo4_rerank10e6/final__glue-mrpc-distillbert__from_20260224-145728__9aff94a4/trial_runs/_plots/ours_pull_direction_dense.png
[WARN] skip legend: no valid ours pull-strength dense curves
[OK] saved figure -> /home/lyclyq/Optimization/grad-shake-align/runs/glue_mrpc_distillbert_hpo4_rerank10e6/final__glue-mrpc-distillbert__from_20260224-145728__9aff94a4/trial_runs/_plots/ours_pull_strength_alpha_dense.png
